
R version 4.2.0 (2022-04-22) -- "Vigorous Calisthenics"
Copyright (C) 2022 The R Foundation for Statistical Computing
Platform: aarch64-apple-darwin20 (64-bit)

R is free software and comes with ABSOLUTELY NO WARRANTY.
You are welcome to redistribute it under certain conditions.
Type 'license()' or 'licence()' for distribution details.

  Natural language support but running in an English locale

R is a collaborative project with many contributors.
Type 'contributors()' for more information and
'citation()' on how to cite R or R packages in publications.

Type 'demo()' for some demos, 'help()' for on-line help, or
'help.start()' for an HTML browser interface to help.
Type 'q()' to quit R.

> # ------------------------------------------------------------------------------
> # Run this, in place, from the terminal with R CMD BATCH --vanilla test_objects.R
> # Make sure to commit the Rout file
> 
> library(tidymodels)
── Attaching packages ────────────────────────────────────── tidymodels 1.0.0 ──
✔ broom        1.0.1      ✔ recipes      1.0.1 
✔ dials        1.0.0      ✔ rsample      1.1.0 
✔ dplyr        1.0.10     ✔ tibble       3.1.8 
✔ ggplot2      3.3.6      ✔ tidyr        1.2.0 
✔ infer        1.0.3      ✔ tune         1.0.0 
✔ modeldata    1.0.0      ✔ workflows    1.0.0 
✔ parsnip      1.0.1      ✔ workflowsets 1.0.0 
✔ purrr        0.3.4      ✔ yardstick    1.0.0 
── Conflicts ───────────────────────────────────────── tidymodels_conflicts() ──
✖ purrr::discard() masks scales::discard()
✖ dplyr::filter()  masks stats::filter()
✖ dplyr::lag()     masks stats::lag()
✖ recipes::step()  masks stats::step()
• Learn how to get started at https://www.tidymodels.org/start/
> library(finetune)
> library(sessioninfo)
> library(testthat)

Attaching package: ‘testthat’

The following object is masked from ‘package:tidyr’:

    matches

The following object is masked from ‘package:rsample’:

    matches

The following object is masked from ‘package:purrr’:

    is_null

The following object is masked from ‘package:dplyr’:

    matches

> 
> # ------------------------------------------------------------------------------
> # "mt_*" test objects used in test-predictions.R, test-extract.R, and test-autoplot.R
> 
> set.seed(455)
> folds <- vfold_cv(mtcars, v = 5)
> 
> simple_rec <- recipe(mpg ~ ., data = mtcars)
> 
> form <- mpg ~ .
> 
> spline_rec <-
+   recipe(mpg ~ ., data = mtcars) %>%
+   step_normalize(all_predictors()) %>%
+   step_bs(disp, deg_free = tune())
> 
> lm_mod <- linear_reg() %>% set_engine("lm")
> 
> knn_mod <-
+   nearest_neighbor(mode = "regression", neighbors = tune()) %>%
+   set_engine("kknn")
> 
> knn_mod_two <-
+   nearest_neighbor(mode = "regression", neighbors = tune("K"), weight_func = tune()) %>%
+   set_engine("kknn")
> 
> knn_mod_power <-
+   nearest_neighbor(mode = "regression", dist_power = tune()) %>%
+   set_engine("kknn")
> 
> get_coefs  <- function(x) {
+   x %>%
+     extract_fit_parsnip() %>%
+     tidy()
+ }
> 
> verb <- FALSE
> g_ctrl <- control_grid(verbose = verb, save_pred = TRUE, extract = get_coefs)
> b_ctrl <- control_bayes(verbose = verb, save_pred = TRUE, extract = get_coefs)
> 
> # ------------------------------------------------------------------------------
> 
> mt_spln_lm <-
+   workflow() %>%
+   add_recipe(spline_rec) %>%
+   add_model(lm_mod)
> 
> mt_spln_knn <-
+   workflow() %>%
+   add_recipe(spline_rec) %>%
+   add_model(knn_mod)
> 
> mt_knn <-
+   workflow() %>%
+   add_recipe(simple_rec) %>%
+   add_model(knn_mod)
> 
> # ------------------------------------------------------------------------------
> 
> set.seed(8825)
> mt_spln_lm_grid <-
+   tune_grid(mt_spln_lm,
+             resamples = folds,
+             control = g_ctrl)
! Fold1: preprocessor 10/10, model 1/1 (predictions): prediction from a rank-deficient fit may be misleading
! Fold2: preprocessor 1/10, model 1/1 (predictions): some 'x' values beyond boundary knots may cause ill-conditioned bases
! Fold2: preprocessor 2/10, model 1/1 (predictions): some 'x' values beyond boundary knots may cause ill-conditioned bases
! Fold2: preprocessor 3/10, model 1/1 (predictions): some 'x' values beyond boundary knots may cause ill-conditioned bases
! Fold2: preprocessor 4/10, model 1/1 (predictions): some 'x' values beyond boundary knots may cause ill-conditioned bases
! Fold2: preprocessor 5/10, model 1/1 (predictions): some 'x' values beyond boundary knots may cause ill-conditioned bases
! Fold2: preprocessor 6/10, model 1/1 (predictions): some 'x' values beyond boundary knots may cause ill-conditioned bases
! Fold2: preprocessor 7/10, model 1/1 (predictions): some 'x' values beyond boundary knots may cause ill-conditioned bases
! Fold2: preprocessor 8/10, model 1/1 (predictions): some 'x' values beyond boundary knots may cause ill-conditioned bases
! Fold2: preprocessor 9/10, model 1/1 (predictions): some 'x' values beyond boundary knots may cause ill-conditioned bases
! Fold2: preprocessor 10/10, model 1/1 (predictions): some 'x' values beyond boundary knots may cause ill-conditioned bases
! Fold3: preprocessor 10/10, model 1/1 (predictions): prediction from a rank-deficient fit may be misleading
! Fold5: preprocessor 1/10, model 1/1 (predictions): some 'x' values beyond boundary knots may cause ill-conditioned bases
! Fold5: preprocessor 2/10, model 1/1 (predictions): some 'x' values beyond boundary knots may cause ill-conditioned bases
! Fold5: preprocessor 3/10, model 1/1 (predictions): some 'x' values beyond boundary knots may cause ill-conditioned bases
! Fold5: preprocessor 4/10, model 1/1 (predictions): some 'x' values beyond boundary knots may cause ill-conditioned bases
! Fold5: preprocessor 5/10, model 1/1 (predictions): some 'x' values beyond boundary knots may cause ill-conditioned bases
! Fold5: preprocessor 6/10, model 1/1 (predictions): some 'x' values beyond boundary knots may cause ill-conditioned bases
! Fold5: preprocessor 7/10, model 1/1 (predictions): some 'x' values beyond boundary knots may cause ill-conditioned bases
! Fold5: preprocessor 8/10, model 1/1 (predictions): some 'x' values beyond boundary knots may cause ill-conditioned bases
! Fold5: preprocessor 9/10, model 1/1 (predictions): some 'x' values beyond boundary knots may cause ill-conditioned bases
! Fold5: preprocessor 10/10, model 1/1 (predictions): some 'x' values beyond boundary knots may cause ill-conditioned bases
> 
> set.seed(8825)
> mt_spln_lm_bo <-
+   tune_bayes(
+     mt_spln_lm,
+     resamples = folds,
+     iter = 3,
+     control = b_ctrl
+   )
! Fold2: preprocessor 1/5, model 1/1 (predictions): some 'x' values beyond boundary knots may cause ill-conditioned bases
! Fold2: preprocessor 2/5, model 1/1 (predictions): some 'x' values beyond boundary knots may cause ill-conditioned bases
! Fold2: preprocessor 3/5, model 1/1 (predictions): some 'x' values beyond boundary knots may cause ill-conditioned bases
! Fold2: preprocessor 4/5, model 1/1 (predictions): some 'x' values beyond boundary knots may cause ill-conditioned bases
! Fold2: preprocessor 5/5, model 1/1 (predictions): some 'x' values beyond boundary knots may cause ill-conditioned bases
! Fold5: preprocessor 1/5, model 1/1 (predictions): some 'x' values beyond boundary knots may cause ill-conditioned bases
! Fold5: preprocessor 2/5, model 1/1 (predictions): some 'x' values beyond boundary knots may cause ill-conditioned bases
! Fold5: preprocessor 3/5, model 1/1 (predictions): some 'x' values beyond boundary knots may cause ill-conditioned bases
! Fold5: preprocessor 4/5, model 1/1 (predictions): some 'x' values beyond boundary knots may cause ill-conditioned bases
! Fold5: preprocessor 5/5, model 1/1 (predictions): some 'x' values beyond boundary knots may cause ill-conditioned bases
! Fold2: preprocessor 1/1, model 1/1 (predictions): some 'x' values beyond boundary knots may cause ill-conditioned bases
! Fold5: preprocessor 1/1, model 1/1 (predictions): some 'x' values beyond boundary knots may cause ill-conditioned bases
! Fold2: preprocessor 1/1, model 1/1 (predictions): some 'x' values beyond boundary knots may cause ill-conditioned bases
! Fold5: preprocessor 1/1, model 1/1 (predictions): some 'x' values beyond boundary knots may cause ill-conditioned bases
! Fold2: preprocessor 1/1, model 1/1 (predictions): some 'x' values beyond boundary knots may cause ill-conditioned bases
! Fold5: preprocessor 1/1, model 1/1 (predictions): some 'x' values beyond boundary knots may cause ill-conditioned bases
> 
> # ------------------------------------------------------------------------------
> 
> set.seed(8825)
> mt_spln_knn_grid <-
+   tune_grid(
+     mt_spln_knn,
+     resamples = folds,
+     grid = grid_regular(extract_parameter_set_dials(mt_spln_knn)),
+     control = g_ctrl
+   )
! Fold2: preprocessor 1/3, model 1/1 (predictions): some 'x' values beyond boundary knots may cause ill-conditioned bases
! Fold2: preprocessor 2/3, model 1/1 (predictions): some 'x' values beyond boundary knots may cause ill-conditioned bases
! Fold2: preprocessor 3/3, model 1/1 (predictions): some 'x' values beyond boundary knots may cause ill-conditioned bases
! Fold5: preprocessor 1/3, model 1/1 (predictions): some 'x' values beyond boundary knots may cause ill-conditioned bases
! Fold5: preprocessor 2/3, model 1/1 (predictions): some 'x' values beyond boundary knots may cause ill-conditioned bases
! Fold5: preprocessor 3/3, model 1/1 (predictions): some 'x' values beyond boundary knots may cause ill-conditioned bases
> 
> set.seed(8825)
> mt_spln_knn_bo <-
+   tune_bayes(mt_spln_knn,
+              resamples = folds,
+              iter = 3,
+              control = b_ctrl)
! Fold2: preprocessor 1/5, model 1/1 (predictions): some 'x' values beyond boundary knots may cause ill-conditioned bases
! Fold2: preprocessor 2/5, model 1/1 (predictions): some 'x' values beyond boundary knots may cause ill-conditioned bases
! Fold2: preprocessor 3/5, model 1/1 (predictions): some 'x' values beyond boundary knots may cause ill-conditioned bases
! Fold2: preprocessor 4/5, model 1/1 (predictions): some 'x' values beyond boundary knots may cause ill-conditioned bases
! Fold2: preprocessor 5/5, model 1/1 (predictions): some 'x' values beyond boundary knots may cause ill-conditioned bases
! Fold5: preprocessor 1/5, model 1/1 (predictions): some 'x' values beyond boundary knots may cause ill-conditioned bases
! Fold5: preprocessor 2/5, model 1/1 (predictions): some 'x' values beyond boundary knots may cause ill-conditioned bases
! Fold5: preprocessor 3/5, model 1/1 (predictions): some 'x' values beyond boundary knots may cause ill-conditioned bases
! Fold5: preprocessor 4/5, model 1/1 (predictions): some 'x' values beyond boundary knots may cause ill-conditioned bases
! Fold5: preprocessor 5/5, model 1/1 (predictions): some 'x' values beyond boundary knots may cause ill-conditioned bases
! Fold2: preprocessor 1/1, model 1/1 (predictions): some 'x' values beyond boundary knots may cause ill-conditioned bases
! Fold5: preprocessor 1/1, model 1/1 (predictions): some 'x' values beyond boundary knots may cause ill-conditioned bases
! Fold2: preprocessor 1/1, model 1/1 (predictions): some 'x' values beyond boundary knots may cause ill-conditioned bases
! Fold5: preprocessor 1/1, model 1/1 (predictions): some 'x' values beyond boundary knots may cause ill-conditioned bases
! Fold2: preprocessor 1/1, model 1/1 (predictions): some 'x' values beyond boundary knots may cause ill-conditioned bases
! Fold5: preprocessor 1/1, model 1/1 (predictions): some 'x' values beyond boundary knots may cause ill-conditioned bases
> 
> set.seed(8825)
> mt_spln_knn_bo_sep <-
+   tune_bayes(knn_mod_two,
+              spline_rec,
+              resamples = folds,
+              iter = 3,
+              control = b_ctrl)
! Fold2: preprocessor 1/4, model 1/1 (predictions): some 'x' values beyond boundary knots may cause ill-conditioned bases
! Fold2: preprocessor 2/4, model 1/2 (predictions): some 'x' values beyond boundary knots may cause ill-conditioned bases
! Fold2: preprocessor 2/4, model 2/2 (predictions): some 'x' values beyond boundary knots may cause ill-conditioned bases
! Fold2: preprocessor 3/4, model 1/1 (predictions): some 'x' values beyond boundary knots may cause ill-conditioned bases
! Fold2: preprocessor 4/4, model 1/1 (predictions): some 'x' values beyond boundary knots may cause ill-conditioned bases
! Fold5: preprocessor 1/4, model 1/1 (predictions): some 'x' values beyond boundary knots may cause ill-conditioned bases
! Fold5: preprocessor 2/4, model 1/2 (predictions): some 'x' values beyond boundary knots may cause ill-conditioned bases
! Fold5: preprocessor 2/4, model 2/2 (predictions): some 'x' values beyond boundary knots may cause ill-conditioned bases
! Fold5: preprocessor 3/4, model 1/1 (predictions): some 'x' values beyond boundary knots may cause ill-conditioned bases
! Fold5: preprocessor 4/4, model 1/1 (predictions): some 'x' values beyond boundary knots may cause ill-conditioned bases
! The Gaussian process model is being fit using 12 features but only has 5
  data points to do so. This may cause errors or a poor model fit.
! Gaussian process model: did not converge in 10 iterations
! Fold2: preprocessor 1/1, model 1/1 (predictions): some 'x' values beyond boundary knots may cause ill-conditioned bases
! Fold5: preprocessor 1/1, model 1/1 (predictions): some 'x' values beyond boundary knots may cause ill-conditioned bases
! The Gaussian process model is being fit using 12 features but only has 6
  data points to do so. This may cause errors or a poor model fit.
! Fold2: preprocessor 1/1, model 1/1 (predictions): some 'x' values beyond boundary knots may cause ill-conditioned bases
! Fold5: preprocessor 1/1, model 1/1 (predictions): some 'x' values beyond boundary knots may cause ill-conditioned bases
! The Gaussian process model is being fit using 12 features but only has 7
  data points to do so. This may cause errors or a poor model fit.
! Fold2: preprocessor 1/1, model 1/1 (predictions): some 'x' values beyond boundary knots may cause ill-conditioned bases
! Fold5: preprocessor 1/1, model 1/1 (predictions): some 'x' values beyond boundary knots may cause ill-conditioned bases
> 
> # ------------------------------------------------------------------------------
> 
> set.seed(8825)
> mt_knn_grid <- tune_grid(mt_knn, resamples = folds, control = g_ctrl)
> 
> set.seed(8825)
> mt_knn_bo <-
+   tune_bayes(mt_knn,
+              resamples = folds,
+              iter = 3,
+              control = b_ctrl)
> 
> # ------------------------------------------------------------------------------
> 
> save(
+   list = grep("^mt_", ls(), value = TRUE),
+   file = file.path("..", "tests", "testthat", "data", "test_objects.RData"),
+   version = 2,
+   compress = "xz"
+ )
> 
> # ------------------------------------------------------------------------------
> # "knn_*" test objects used in test-predictions.R, test-autoplot.R, test-GP.R
> # and test-select_best.R
> 
> data(two_class_dat, package = "modeldata")
> set.seed(7898)
> data_folds <- vfold_cv(two_class_dat, repeats = 5)
> 
> two_class_rec <-
+   recipe(Class ~ ., data = two_class_dat) %>%
+   step_normalize(A, B)
> 
> knn_model <-
+   nearest_neighbor(
+     mode = "classification",
+     neighbors = tune("K"),
+     weight_func = tune(),
+     dist_power = tune("exponent")
+   ) %>%
+   set_engine("kknn")
> 
> two_class_wflow <-
+   workflow() %>%
+   add_recipe(two_class_rec) %>%
+   add_model(knn_model)
> 
> two_class_set <-
+   extract_parameter_set_dials(two_class_wflow) %>%
+   update(K = neighbors(c(1, 50))) %>%
+   update(exponent = dist_power(c(1 / 10, 2)))
> 
> set.seed(2494)
> two_class_grid <-
+   two_class_set %>%
+   grid_max_entropy(size = 10)
> 
> class_metrics <- metric_set(roc_auc, accuracy, kap, mcc)
> 
> knn_results <-
+   tune_grid(
+     two_class_wflow,
+     resamples = data_folds,
+     grid = two_class_grid,
+     metrics = class_metrics
+   )
> 
> 
> knn_set <- two_class_set
> 
> knn_gp <-
+   tune:::fit_gp(collect_metrics(knn_results),
+                 knn_set,
+                 "accuracy",
+                 control_bayes()
+   )
! The Gaussian process model is being fit using 12 features but only has 10
  data points to do so. This may cause errors or a poor model fit.
> 
> saveRDS(
+   knn_results,
+   file = file.path("..", "tests", "testthat", "data", "knn_results.rds"),
+   version = 2,
+   compress = "xz"
+ )
> 
> saveRDS(
+   two_class_set,
+   file = file.path("..", "tests", "testthat", "data", "knn_set.rds"),
+   version = 2,
+   compress = "xz"
+ )
> 
> saveRDS(
+   two_class_grid,
+   file = file.path("..", "tests", "testthat", "data", "knn_grid.rds"),
+   version = 2,
+   compress = "xz"
+ )
> 
> saveRDS(
+   knn_set,
+   file = file.path("..", "tests", "testthat", "data", "knn_set.rds"),
+   version = 2,
+   compress = "xz"
+ )
> 
> saveRDS(
+   knn_gp,
+   file = file.path("..", "tests", "testthat", "data", "knn_gp.rds"),
+   version = 2,
+   compress = "xz"
+ )
> 
> # ------------------------------------------------------------------------------
> # "svm_*" test objects used in numerous test files
> 
> svm_model <-
+   svm_poly(
+     mode = "classification",
+     cost = tune(),
+     degree = tune("%^*#"),
+     scale_factor = tune()
+   ) %>%
+   set_engine("kernlab")
> 
> two_class_wflow <-
+   workflow() %>%
+   add_recipe(two_class_rec) %>%
+   add_model(svm_model)
> 
> two_class_set <-
+   extract_parameter_set_dials(two_class_wflow) %>%
+   update(cost = cost(c(-10, 4)))
> 
> set.seed(2494)
> two_class_grid <-
+   two_class_set %>%
+   grid_max_entropy(size = 5)
> 
> class_only <- metric_set(accuracy, kap, mcc)
> 
> svm_results <-
+   tune_grid(
+     two_class_wflow,
+     resamples = data_folds,
+     grid = two_class_grid,
+     metrics = class_only,
+     control = control_grid(save_pred = TRUE)
+   )
> 
> saveRDS(
+   svm_results,
+   file = file.path("..", "tests", "testthat", "data", "svm_results.rds"),
+   version = 2,
+   compress = "xz"
+ )
> 
> two_class_reg_grid <-
+   two_class_set %>%
+   grid_regular(levels = c(5, 4, 2))
> 
> svm_reg_results <-
+   tune_grid(
+     two_class_wflow,
+     resamples = data_folds,
+     grid = two_class_reg_grid,
+     metrics = class_only,
+     control = control_grid(save_pred = TRUE)
+   )
> 
> saveRDS(
+   svm_reg_results,
+   file = file.path("..", "tests", "testthat", "data", "svm_reg_results.rds"),
+   version = 2,
+   compress = "xz"
+ )
> 
> # ------------------------------------------------------------------------------
> 
> set.seed(7898)
> data_folds <- vfold_cv(mtcars, repeats = 2)
> 
> # ------------------------------------------------------------------------------
> # "rcv_results" used in test-autoplot.R, test-select_best.R, and test-estimate.R
> 
> base_rec <-
+   recipe(mpg ~ ., data = mtcars) %>%
+   step_normalize(all_predictors())
> 
> disp_rec <-
+   base_rec %>%
+   step_bs(disp, degree = tune(), deg_free = tune()) %>%
+   step_bs(wt, degree = tune("wt degree"), deg_free = tune("wt df"))
> 
> lm_model <-
+   linear_reg(mode = "regression") %>%
+   set_engine("lm")
> 
> cars_wflow <-
+   workflow() %>%
+   add_recipe(disp_rec) %>%
+   add_model(lm_model)
> 
> cars_set <-
+   cars_wflow %>%
+   parameters %>%
+   update(degree = degree_int(1:2)) %>%
+   update(deg_free = deg_free(c(2, 10))) %>%
+   update(`wt degree` = degree_int(1:2)) %>%
+   update(`wt df` = deg_free(c(2, 10)))
Warning message:
`parameters.workflow()` was deprecated in tune 0.1.6.9003.
Please use `hardhat::extract_parameter_set_dials()` instead. 
> 
> set.seed(255)
> cars_grid <-
+   cars_set %>%
+   grid_regular(levels = c(3, 2, 3, 2))
> 
> 
> rcv_results <-
+   tune_grid(
+     cars_wflow,
+     resamples = data_folds,
+     grid = cars_grid,
+     control = control_grid(verbose = FALSE, save_pred = TRUE)
+   )
! Fold01, Repeat1: preprocessor 15/36, model 1/1 (predictions): prediction from a rank-deficient fit may be misleading
! Fold01, Repeat1: preprocessor 18/36, model 1/1 (predictions): prediction from a rank-deficient fit may be misleading
! Fold01, Repeat1: preprocessor 33/36, model 1/1 (predictions): prediction from a rank-deficient fit may be misleading
! Fold01, Repeat1: preprocessor 36/36, model 1/1 (predictions): prediction from a rank-deficient fit may be misleading
! Fold02, Repeat1: preprocessor 1/36, model 1/1 (predictions): some 'x' values beyond boundary knots may cause ill-conditioned bases
! Fold02, Repeat1: preprocessor 2/36, model 1/1 (predictions): some 'x' values beyond boundary knots may cause ill-conditioned bases
! Fold02, Repeat1: preprocessor 3/36, model 1/1 (predictions): some 'x' values beyond boundary knots may cause ill-conditioned bases
! Fold02, Repeat1: preprocessor 4/36, model 1/1 (predictions): some 'x' values beyond boundary knots may cause ill-conditioned bases
! Fold02, Repeat1: preprocessor 5/36, model 1/1 (predictions): some 'x' values beyond boundary knots may cause ill-conditioned bases
! Fold02, Repeat1: preprocessor 6/36, model 1/1 (predictions): some 'x' values beyond boundary knots may cause ill-conditioned bases
! Fold02, Repeat1: preprocessor 7/36, model 1/1 (predictions): some 'x' values beyond boundary knots may cause ill-conditioned bases
! Fold02, Repeat1: preprocessor 8/36, model 1/1 (predictions): some 'x' values beyond boundary knots may cause ill-conditioned bases
! Fold02, Repeat1: preprocessor 9/36, model 1/1 (predictions): some 'x' values beyond boundary knots may cause ill-conditioned bases
! Fold02, Repeat1: preprocessor 10/36, model 1/1 (predictions): some 'x' values beyond boundary knots may cause ill-conditioned bases
! Fold02, Repeat1: preprocessor 11/36, model 1/1 (predictions): some 'x' values beyond boundary knots may cause ill-conditioned bases
! Fold02, Repeat1: preprocessor 12/36, model 1/1 (predictions): some 'x' values beyond boundary knots may cause ill-conditioned bases
! Fold02, Repeat1: preprocessor 13/36, model 1/1 (predictions): some 'x' values beyond boundary knots may cause ill-conditioned bases
! Fold02, Repeat1: preprocessor 14/36, model 1/1 (predictions): some 'x' values beyond boundary knots may cause ill-conditioned bases
! Fold02, Repeat1: preprocessor 15/36, model 1/1 (predictions): some 'x' values beyond boundary knots may cause ill-conditioned bases, p...
! Fold02, Repeat1: preprocessor 16/36, model 1/1 (predictions): some 'x' values beyond boundary knots may cause ill-conditioned bases
! Fold02, Repeat1: preprocessor 17/36, model 1/1 (predictions): some 'x' values beyond boundary knots may cause ill-conditioned bases
! Fold02, Repeat1: preprocessor 18/36, model 1/1 (predictions): some 'x' values beyond boundary knots may cause ill-conditioned bases, p...
! Fold02, Repeat1: preprocessor 19/36, model 1/1 (predictions): some 'x' values beyond boundary knots may cause ill-conditioned bases
! Fold02, Repeat1: preprocessor 20/36, model 1/1 (predictions): some 'x' values beyond boundary knots may cause ill-conditioned bases
! Fold02, Repeat1: preprocessor 21/36, model 1/1 (predictions): some 'x' values beyond boundary knots may cause ill-conditioned bases
! Fold02, Repeat1: preprocessor 22/36, model 1/1 (predictions): some 'x' values beyond boundary knots may cause ill-conditioned bases
! Fold02, Repeat1: preprocessor 23/36, model 1/1 (predictions): some 'x' values beyond boundary knots may cause ill-conditioned bases
! Fold02, Repeat1: preprocessor 24/36, model 1/1 (predictions): some 'x' values beyond boundary knots may cause ill-conditioned bases
! Fold02, Repeat1: preprocessor 25/36, model 1/1 (predictions): some 'x' values beyond boundary knots may cause ill-conditioned bases
! Fold02, Repeat1: preprocessor 26/36, model 1/1 (predictions): some 'x' values beyond boundary knots may cause ill-conditioned bases
! Fold02, Repeat1: preprocessor 27/36, model 1/1 (predictions): some 'x' values beyond boundary knots may cause ill-conditioned bases
! Fold02, Repeat1: preprocessor 28/36, model 1/1 (predictions): some 'x' values beyond boundary knots may cause ill-conditioned bases
! Fold02, Repeat1: preprocessor 29/36, model 1/1 (predictions): some 'x' values beyond boundary knots may cause ill-conditioned bases
! Fold02, Repeat1: preprocessor 30/36, model 1/1 (predictions): some 'x' values beyond boundary knots may cause ill-conditioned bases
! Fold02, Repeat1: preprocessor 31/36, model 1/1 (predictions): some 'x' values beyond boundary knots may cause ill-conditioned bases
! Fold02, Repeat1: preprocessor 32/36, model 1/1 (predictions): some 'x' values beyond boundary knots may cause ill-conditioned bases
! Fold02, Repeat1: preprocessor 33/36, model 1/1 (predictions): some 'x' values beyond boundary knots may cause ill-conditioned bases, p...
! Fold02, Repeat1: preprocessor 34/36, model 1/1 (predictions): some 'x' values beyond boundary knots may cause ill-conditioned bases
! Fold02, Repeat1: preprocessor 35/36, model 1/1 (predictions): some 'x' values beyond boundary knots may cause ill-conditioned bases
! Fold02, Repeat1: preprocessor 36/36, model 1/1 (predictions): some 'x' values beyond boundary knots may cause ill-conditioned bases, p...
! Fold07, Repeat1: preprocessor 1/36, model 1/1 (predictions): some 'x' values beyond boundary knots may cause ill-conditioned bases
! Fold07, Repeat1: preprocessor 2/36, model 1/1 (predictions): some 'x' values beyond boundary knots may cause ill-conditioned bases
! Fold07, Repeat1: preprocessor 3/36, model 1/1 (predictions): some 'x' values beyond boundary knots may cause ill-conditioned bases
! Fold07, Repeat1: preprocessor 4/36, model 1/1 (predictions): some 'x' values beyond boundary knots may cause ill-conditioned bases
! Fold07, Repeat1: preprocessor 5/36, model 1/1 (predictions): some 'x' values beyond boundary knots may cause ill-conditioned bases
! Fold07, Repeat1: preprocessor 6/36, model 1/1 (predictions): some 'x' values beyond boundary knots may cause ill-conditioned bases
! Fold07, Repeat1: preprocessor 7/36, model 1/1 (predictions): some 'x' values beyond boundary knots may cause ill-conditioned bases
! Fold07, Repeat1: preprocessor 8/36, model 1/1 (predictions): some 'x' values beyond boundary knots may cause ill-conditioned bases
! Fold07, Repeat1: preprocessor 9/36, model 1/1 (predictions): some 'x' values beyond boundary knots may cause ill-conditioned bases
! Fold07, Repeat1: preprocessor 10/36, model 1/1 (predictions): some 'x' values beyond boundary knots may cause ill-conditioned bases
! Fold07, Repeat1: preprocessor 11/36, model 1/1 (predictions): some 'x' values beyond boundary knots may cause ill-conditioned bases
! Fold07, Repeat1: preprocessor 12/36, model 1/1 (predictions): some 'x' values beyond boundary knots may cause ill-conditioned bases
! Fold07, Repeat1: preprocessor 13/36, model 1/1 (predictions): some 'x' values beyond boundary knots may cause ill-conditioned bases
! Fold07, Repeat1: preprocessor 14/36, model 1/1 (predictions): some 'x' values beyond boundary knots may cause ill-conditioned bases
! Fold07, Repeat1: preprocessor 15/36, model 1/1 (predictions): some 'x' values beyond boundary knots may cause ill-conditioned bases
! Fold07, Repeat1: preprocessor 16/36, model 1/1 (predictions): some 'x' values beyond boundary knots may cause ill-conditioned bases
! Fold07, Repeat1: preprocessor 17/36, model 1/1 (predictions): some 'x' values beyond boundary knots may cause ill-conditioned bases
! Fold07, Repeat1: preprocessor 18/36, model 1/1 (predictions): some 'x' values beyond boundary knots may cause ill-conditioned bases
! Fold07, Repeat1: preprocessor 19/36, model 1/1 (predictions): some 'x' values beyond boundary knots may cause ill-conditioned bases
! Fold07, Repeat1: preprocessor 20/36, model 1/1 (predictions): some 'x' values beyond boundary knots may cause ill-conditioned bases
! Fold07, Repeat1: preprocessor 21/36, model 1/1 (predictions): some 'x' values beyond boundary knots may cause ill-conditioned bases
! Fold07, Repeat1: preprocessor 22/36, model 1/1 (predictions): some 'x' values beyond boundary knots may cause ill-conditioned bases
! Fold07, Repeat1: preprocessor 23/36, model 1/1 (predictions): some 'x' values beyond boundary knots may cause ill-conditioned bases
! Fold07, Repeat1: preprocessor 24/36, model 1/1 (predictions): some 'x' values beyond boundary knots may cause ill-conditioned bases
! Fold07, Repeat1: preprocessor 25/36, model 1/1 (predictions): some 'x' values beyond boundary knots may cause ill-conditioned bases
! Fold07, Repeat1: preprocessor 26/36, model 1/1 (predictions): some 'x' values beyond boundary knots may cause ill-conditioned bases
! Fold07, Repeat1: preprocessor 27/36, model 1/1 (predictions): some 'x' values beyond boundary knots may cause ill-conditioned bases
! Fold07, Repeat1: preprocessor 28/36, model 1/1 (predictions): some 'x' values beyond boundary knots may cause ill-conditioned bases
! Fold07, Repeat1: preprocessor 29/36, model 1/1 (predictions): some 'x' values beyond boundary knots may cause ill-conditioned bases
! Fold07, Repeat1: preprocessor 30/36, model 1/1 (predictions): some 'x' values beyond boundary knots may cause ill-conditioned bases
! Fold07, Repeat1: preprocessor 31/36, model 1/1 (predictions): some 'x' values beyond boundary knots may cause ill-conditioned bases
! Fold07, Repeat1: preprocessor 32/36, model 1/1 (predictions): some 'x' values beyond boundary knots may cause ill-conditioned bases
! Fold07, Repeat1: preprocessor 33/36, model 1/1 (predictions): some 'x' values beyond boundary knots may cause ill-conditioned bases
! Fold07, Repeat1: preprocessor 34/36, model 1/1 (predictions): some 'x' values beyond boundary knots may cause ill-conditioned bases
! Fold07, Repeat1: preprocessor 35/36, model 1/1 (predictions): some 'x' values beyond boundary knots may cause ill-conditioned bases
! Fold07, Repeat1: preprocessor 36/36, model 1/1 (predictions): some 'x' values beyond boundary knots may cause ill-conditioned bases
! Fold08, Repeat1: preprocessor 1/36, model 1/1 (predictions): some 'x' values beyond boundary knots may cause ill-conditioned bases
! Fold08, Repeat1: preprocessor 2/36, model 1/1 (predictions): some 'x' values beyond boundary knots may cause ill-conditioned bases
! Fold08, Repeat1: preprocessor 3/36, model 1/1 (predictions): some 'x' values beyond boundary knots may cause ill-conditioned bases
! Fold08, Repeat1: preprocessor 4/36, model 1/1 (predictions): some 'x' values beyond boundary knots may cause ill-conditioned bases
! Fold08, Repeat1: preprocessor 5/36, model 1/1 (predictions): some 'x' values beyond boundary knots may cause ill-conditioned bases
! Fold08, Repeat1: preprocessor 6/36, model 1/1 (predictions): some 'x' values beyond boundary knots may cause ill-conditioned bases
! Fold08, Repeat1: preprocessor 7/36, model 1/1 (predictions): some 'x' values beyond boundary knots may cause ill-conditioned bases
! Fold08, Repeat1: preprocessor 8/36, model 1/1 (predictions): some 'x' values beyond boundary knots may cause ill-conditioned bases
! Fold08, Repeat1: preprocessor 9/36, model 1/1 (predictions): some 'x' values beyond boundary knots may cause ill-conditioned bases
! Fold08, Repeat1: preprocessor 10/36, model 1/1 (predictions): some 'x' values beyond boundary knots may cause ill-conditioned bases
! Fold08, Repeat1: preprocessor 11/36, model 1/1 (predictions): some 'x' values beyond boundary knots may cause ill-conditioned bases
! Fold08, Repeat1: preprocessor 12/36, model 1/1 (predictions): some 'x' values beyond boundary knots may cause ill-conditioned bases
! Fold08, Repeat1: preprocessor 13/36, model 1/1 (predictions): some 'x' values beyond boundary knots may cause ill-conditioned bases
! Fold08, Repeat1: preprocessor 14/36, model 1/1 (predictions): some 'x' values beyond boundary knots may cause ill-conditioned bases
! Fold08, Repeat1: preprocessor 15/36, model 1/1 (predictions): some 'x' values beyond boundary knots may cause ill-conditioned bases
! Fold08, Repeat1: preprocessor 16/36, model 1/1 (predictions): some 'x' values beyond boundary knots may cause ill-conditioned bases
! Fold08, Repeat1: preprocessor 17/36, model 1/1 (predictions): some 'x' values beyond boundary knots may cause ill-conditioned bases
! Fold08, Repeat1: preprocessor 18/36, model 1/1 (predictions): some 'x' values beyond boundary knots may cause ill-conditioned bases
! Fold08, Repeat1: preprocessor 19/36, model 1/1 (predictions): some 'x' values beyond boundary knots may cause ill-conditioned bases
! Fold08, Repeat1: preprocessor 20/36, model 1/1 (predictions): some 'x' values beyond boundary knots may cause ill-conditioned bases
! Fold08, Repeat1: preprocessor 21/36, model 1/1 (predictions): some 'x' values beyond boundary knots may cause ill-conditioned bases
! Fold08, Repeat1: preprocessor 22/36, model 1/1 (predictions): some 'x' values beyond boundary knots may cause ill-conditioned bases
! Fold08, Repeat1: preprocessor 23/36, model 1/1 (predictions): some 'x' values beyond boundary knots may cause ill-conditioned bases
! Fold08, Repeat1: preprocessor 24/36, model 1/1 (predictions): some 'x' values beyond boundary knots may cause ill-conditioned bases
! Fold08, Repeat1: preprocessor 25/36, model 1/1 (predictions): some 'x' values beyond boundary knots may cause ill-conditioned bases
! Fold08, Repeat1: preprocessor 26/36, model 1/1 (predictions): some 'x' values beyond boundary knots may cause ill-conditioned bases
! Fold08, Repeat1: preprocessor 27/36, model 1/1 (predictions): some 'x' values beyond boundary knots may cause ill-conditioned bases
! Fold08, Repeat1: preprocessor 28/36, model 1/1 (predictions): some 'x' values beyond boundary knots may cause ill-conditioned bases
! Fold08, Repeat1: preprocessor 29/36, model 1/1 (predictions): some 'x' values beyond boundary knots may cause ill-conditioned bases
! Fold08, Repeat1: preprocessor 30/36, model 1/1 (predictions): some 'x' values beyond boundary knots may cause ill-conditioned bases
! Fold08, Repeat1: preprocessor 31/36, model 1/1 (predictions): some 'x' values beyond boundary knots may cause ill-conditioned bases
! Fold08, Repeat1: preprocessor 32/36, model 1/1 (predictions): some 'x' values beyond boundary knots may cause ill-conditioned bases
! Fold08, Repeat1: preprocessor 33/36, model 1/1 (predictions): some 'x' values beyond boundary knots may cause ill-conditioned bases
! Fold08, Repeat1: preprocessor 34/36, model 1/1 (predictions): some 'x' values beyond boundary knots may cause ill-conditioned bases
! Fold08, Repeat1: preprocessor 35/36, model 1/1 (predictions): some 'x' values beyond boundary knots may cause ill-conditioned bases
! Fold08, Repeat1: preprocessor 36/36, model 1/1 (predictions): some 'x' values beyond boundary knots may cause ill-conditioned bases
! Fold10, Repeat1: preprocessor 1/36, model 1/1 (predictions): some 'x' values beyond boundary knots may cause ill-conditioned bases
! Fold10, Repeat1: preprocessor 2/36, model 1/1 (predictions): some 'x' values beyond boundary knots may cause ill-conditioned bases
! Fold10, Repeat1: preprocessor 3/36, model 1/1 (predictions): some 'x' values beyond boundary knots may cause ill-conditioned bases
! Fold10, Repeat1: preprocessor 4/36, model 1/1 (predictions): some 'x' values beyond boundary knots may cause ill-conditioned bases
! Fold10, Repeat1: preprocessor 5/36, model 1/1 (predictions): some 'x' values beyond boundary knots may cause ill-conditioned bases
! Fold10, Repeat1: preprocessor 6/36, model 1/1 (predictions): some 'x' values beyond boundary knots may cause ill-conditioned bases
! Fold10, Repeat1: preprocessor 7/36, model 1/1 (predictions): some 'x' values beyond boundary knots may cause ill-conditioned bases
! Fold10, Repeat1: preprocessor 8/36, model 1/1 (predictions): some 'x' values beyond boundary knots may cause ill-conditioned bases
! Fold10, Repeat1: preprocessor 9/36, model 1/1 (predictions): some 'x' values beyond boundary knots may cause ill-conditioned bases
! Fold10, Repeat1: preprocessor 10/36, model 1/1 (predictions): some 'x' values beyond boundary knots may cause ill-conditioned bases
! Fold10, Repeat1: preprocessor 11/36, model 1/1 (predictions): some 'x' values beyond boundary knots may cause ill-conditioned bases
! Fold10, Repeat1: preprocessor 12/36, model 1/1 (predictions): some 'x' values beyond boundary knots may cause ill-conditioned bases
! Fold10, Repeat1: preprocessor 13/36, model 1/1 (predictions): some 'x' values beyond boundary knots may cause ill-conditioned bases
! Fold10, Repeat1: preprocessor 14/36, model 1/1 (predictions): some 'x' values beyond boundary knots may cause ill-conditioned bases
! Fold10, Repeat1: preprocessor 15/36, model 1/1 (predictions): some 'x' values beyond boundary knots may cause ill-conditioned bases
! Fold10, Repeat1: preprocessor 16/36, model 1/1 (predictions): some 'x' values beyond boundary knots may cause ill-conditioned bases
! Fold10, Repeat1: preprocessor 17/36, model 1/1 (predictions): some 'x' values beyond boundary knots may cause ill-conditioned bases
! Fold10, Repeat1: preprocessor 18/36, model 1/1 (predictions): some 'x' values beyond boundary knots may cause ill-conditioned bases
! Fold10, Repeat1: preprocessor 19/36, model 1/1 (predictions): some 'x' values beyond boundary knots may cause ill-conditioned bases
! Fold10, Repeat1: preprocessor 20/36, model 1/1 (predictions): some 'x' values beyond boundary knots may cause ill-conditioned bases
! Fold10, Repeat1: preprocessor 21/36, model 1/1 (predictions): some 'x' values beyond boundary knots may cause ill-conditioned bases
! Fold10, Repeat1: preprocessor 22/36, model 1/1 (predictions): some 'x' values beyond boundary knots may cause ill-conditioned bases
! Fold10, Repeat1: preprocessor 23/36, model 1/1 (predictions): some 'x' values beyond boundary knots may cause ill-conditioned bases
! Fold10, Repeat1: preprocessor 24/36, model 1/1 (predictions): some 'x' values beyond boundary knots may cause ill-conditioned bases
! Fold10, Repeat1: preprocessor 25/36, model 1/1 (predictions): some 'x' values beyond boundary knots may cause ill-conditioned bases
! Fold10, Repeat1: preprocessor 26/36, model 1/1 (predictions): some 'x' values beyond boundary knots may cause ill-conditioned bases
! Fold10, Repeat1: preprocessor 27/36, model 1/1 (predictions): some 'x' values beyond boundary knots may cause ill-conditioned bases
! Fold10, Repeat1: preprocessor 28/36, model 1/1 (predictions): some 'x' values beyond boundary knots may cause ill-conditioned bases
! Fold10, Repeat1: preprocessor 29/36, model 1/1 (predictions): some 'x' values beyond boundary knots may cause ill-conditioned bases
! Fold10, Repeat1: preprocessor 30/36, model 1/1 (predictions): some 'x' values beyond boundary knots may cause ill-conditioned bases
! Fold10, Repeat1: preprocessor 31/36, model 1/1 (predictions): some 'x' values beyond boundary knots may cause ill-conditioned bases
! Fold10, Repeat1: preprocessor 32/36, model 1/1 (predictions): some 'x' values beyond boundary knots may cause ill-conditioned bases
! Fold10, Repeat1: preprocessor 33/36, model 1/1 (predictions): some 'x' values beyond boundary knots may cause ill-conditioned bases
! Fold10, Repeat1: preprocessor 34/36, model 1/1 (predictions): some 'x' values beyond boundary knots may cause ill-conditioned bases
! Fold10, Repeat1: preprocessor 35/36, model 1/1 (predictions): some 'x' values beyond boundary knots may cause ill-conditioned bases
! Fold10, Repeat1: preprocessor 36/36, model 1/1 (predictions): some 'x' values beyond boundary knots may cause ill-conditioned bases
! Fold01, Repeat2: preprocessor 1/36, model 1/1 (predictions): some 'x' values beyond boundary knots may cause ill-conditioned bases
! Fold01, Repeat2: preprocessor 2/36, model 1/1 (predictions): some 'x' values beyond boundary knots may cause ill-conditioned bases
! Fold01, Repeat2: preprocessor 3/36, model 1/1 (predictions): some 'x' values beyond boundary knots may cause ill-conditioned bases
! Fold01, Repeat2: preprocessor 4/36, model 1/1 (predictions): some 'x' values beyond boundary knots may cause ill-conditioned bases
! Fold01, Repeat2: preprocessor 5/36, model 1/1 (predictions): some 'x' values beyond boundary knots may cause ill-conditioned bases
! Fold01, Repeat2: preprocessor 6/36, model 1/1 (predictions): some 'x' values beyond boundary knots may cause ill-conditioned bases
! Fold01, Repeat2: preprocessor 7/36, model 1/1 (predictions): some 'x' values beyond boundary knots may cause ill-conditioned bases
! Fold01, Repeat2: preprocessor 8/36, model 1/1 (predictions): some 'x' values beyond boundary knots may cause ill-conditioned bases
! Fold01, Repeat2: preprocessor 9/36, model 1/1 (predictions): some 'x' values beyond boundary knots may cause ill-conditioned bases
! Fold01, Repeat2: preprocessor 10/36, model 1/1 (predictions): some 'x' values beyond boundary knots may cause ill-conditioned bases
! Fold01, Repeat2: preprocessor 11/36, model 1/1 (predictions): some 'x' values beyond boundary knots may cause ill-conditioned bases
! Fold01, Repeat2: preprocessor 12/36, model 1/1 (predictions): some 'x' values beyond boundary knots may cause ill-conditioned bases
! Fold01, Repeat2: preprocessor 13/36, model 1/1 (predictions): some 'x' values beyond boundary knots may cause ill-conditioned bases
! Fold01, Repeat2: preprocessor 14/36, model 1/1 (predictions): some 'x' values beyond boundary knots may cause ill-conditioned bases
! Fold01, Repeat2: preprocessor 15/36, model 1/1 (predictions): some 'x' values beyond boundary knots may cause ill-conditioned bases, p...
! Fold01, Repeat2: preprocessor 16/36, model 1/1 (predictions): some 'x' values beyond boundary knots may cause ill-conditioned bases
! Fold01, Repeat2: preprocessor 17/36, model 1/1 (predictions): some 'x' values beyond boundary knots may cause ill-conditioned bases
! Fold01, Repeat2: preprocessor 18/36, model 1/1 (predictions): some 'x' values beyond boundary knots may cause ill-conditioned bases, p...
! Fold01, Repeat2: preprocessor 19/36, model 1/1 (predictions): some 'x' values beyond boundary knots may cause ill-conditioned bases
! Fold01, Repeat2: preprocessor 20/36, model 1/1 (predictions): some 'x' values beyond boundary knots may cause ill-conditioned bases
! Fold01, Repeat2: preprocessor 21/36, model 1/1 (predictions): some 'x' values beyond boundary knots may cause ill-conditioned bases
! Fold01, Repeat2: preprocessor 22/36, model 1/1 (predictions): some 'x' values beyond boundary knots may cause ill-conditioned bases
! Fold01, Repeat2: preprocessor 23/36, model 1/1 (predictions): some 'x' values beyond boundary knots may cause ill-conditioned bases
! Fold01, Repeat2: preprocessor 24/36, model 1/1 (predictions): some 'x' values beyond boundary knots may cause ill-conditioned bases
! Fold01, Repeat2: preprocessor 25/36, model 1/1 (predictions): some 'x' values beyond boundary knots may cause ill-conditioned bases
! Fold01, Repeat2: preprocessor 26/36, model 1/1 (predictions): some 'x' values beyond boundary knots may cause ill-conditioned bases
! Fold01, Repeat2: preprocessor 27/36, model 1/1 (predictions): some 'x' values beyond boundary knots may cause ill-conditioned bases
! Fold01, Repeat2: preprocessor 28/36, model 1/1 (predictions): some 'x' values beyond boundary knots may cause ill-conditioned bases
! Fold01, Repeat2: preprocessor 29/36, model 1/1 (predictions): some 'x' values beyond boundary knots may cause ill-conditioned bases
! Fold01, Repeat2: preprocessor 30/36, model 1/1 (predictions): some 'x' values beyond boundary knots may cause ill-conditioned bases
! Fold01, Repeat2: preprocessor 31/36, model 1/1 (predictions): some 'x' values beyond boundary knots may cause ill-conditioned bases
! Fold01, Repeat2: preprocessor 32/36, model 1/1 (predictions): some 'x' values beyond boundary knots may cause ill-conditioned bases
! Fold01, Repeat2: preprocessor 33/36, model 1/1 (predictions): some 'x' values beyond boundary knots may cause ill-conditioned bases, p...
! Fold01, Repeat2: preprocessor 34/36, model 1/1 (predictions): some 'x' values beyond boundary knots may cause ill-conditioned bases
! Fold01, Repeat2: preprocessor 35/36, model 1/1 (predictions): some 'x' values beyond boundary knots may cause ill-conditioned bases
! Fold01, Repeat2: preprocessor 36/36, model 1/1 (predictions): some 'x' values beyond boundary knots may cause ill-conditioned bases, p...
! Fold02, Repeat2: preprocessor 15/36, model 1/1 (predictions): prediction from a rank-deficient fit may be misleading
! Fold02, Repeat2: preprocessor 18/36, model 1/1 (predictions): prediction from a rank-deficient fit may be misleading
! Fold02, Repeat2: preprocessor 33/36, model 1/1 (predictions): prediction from a rank-deficient fit may be misleading
! Fold02, Repeat2: preprocessor 36/36, model 1/1 (predictions): prediction from a rank-deficient fit may be misleading
! Fold06, Repeat2: preprocessor 1/36, model 1/1 (predictions): some 'x' values beyond boundary knots may cause ill-conditioned bases
! Fold06, Repeat2: preprocessor 2/36, model 1/1 (predictions): some 'x' values beyond boundary knots may cause ill-conditioned bases
! Fold06, Repeat2: preprocessor 3/36, model 1/1 (predictions): some 'x' values beyond boundary knots may cause ill-conditioned bases
! Fold06, Repeat2: preprocessor 4/36, model 1/1 (predictions): some 'x' values beyond boundary knots may cause ill-conditioned bases
! Fold06, Repeat2: preprocessor 5/36, model 1/1 (predictions): some 'x' values beyond boundary knots may cause ill-conditioned bases
! Fold06, Repeat2: preprocessor 6/36, model 1/1 (predictions): some 'x' values beyond boundary knots may cause ill-conditioned bases
! Fold06, Repeat2: preprocessor 7/36, model 1/1 (predictions): some 'x' values beyond boundary knots may cause ill-conditioned bases
! Fold06, Repeat2: preprocessor 8/36, model 1/1 (predictions): some 'x' values beyond boundary knots may cause ill-conditioned bases
! Fold06, Repeat2: preprocessor 9/36, model 1/1 (predictions): some 'x' values beyond boundary knots may cause ill-conditioned bases
! Fold06, Repeat2: preprocessor 10/36, model 1/1 (predictions): some 'x' values beyond boundary knots may cause ill-conditioned bases
! Fold06, Repeat2: preprocessor 11/36, model 1/1 (predictions): some 'x' values beyond boundary knots may cause ill-conditioned bases
! Fold06, Repeat2: preprocessor 12/36, model 1/1 (predictions): some 'x' values beyond boundary knots may cause ill-conditioned bases
! Fold06, Repeat2: preprocessor 13/36, model 1/1 (predictions): some 'x' values beyond boundary knots may cause ill-conditioned bases
! Fold06, Repeat2: preprocessor 14/36, model 1/1 (predictions): some 'x' values beyond boundary knots may cause ill-conditioned bases
! Fold06, Repeat2: preprocessor 15/36, model 1/1 (predictions): some 'x' values beyond boundary knots may cause ill-conditioned bases
! Fold06, Repeat2: preprocessor 16/36, model 1/1 (predictions): some 'x' values beyond boundary knots may cause ill-conditioned bases
! Fold06, Repeat2: preprocessor 17/36, model 1/1 (predictions): some 'x' values beyond boundary knots may cause ill-conditioned bases
! Fold06, Repeat2: preprocessor 18/36, model 1/1 (predictions): some 'x' values beyond boundary knots may cause ill-conditioned bases
! Fold06, Repeat2: preprocessor 19/36, model 1/1 (predictions): some 'x' values beyond boundary knots may cause ill-conditioned bases
! Fold06, Repeat2: preprocessor 20/36, model 1/1 (predictions): some 'x' values beyond boundary knots may cause ill-conditioned bases
! Fold06, Repeat2: preprocessor 21/36, model 1/1 (predictions): some 'x' values beyond boundary knots may cause ill-conditioned bases
! Fold06, Repeat2: preprocessor 22/36, model 1/1 (predictions): some 'x' values beyond boundary knots may cause ill-conditioned bases
! Fold06, Repeat2: preprocessor 23/36, model 1/1 (predictions): some 'x' values beyond boundary knots may cause ill-conditioned bases
! Fold06, Repeat2: preprocessor 24/36, model 1/1 (predictions): some 'x' values beyond boundary knots may cause ill-conditioned bases
! Fold06, Repeat2: preprocessor 25/36, model 1/1 (predictions): some 'x' values beyond boundary knots may cause ill-conditioned bases
! Fold06, Repeat2: preprocessor 26/36, model 1/1 (predictions): some 'x' values beyond boundary knots may cause ill-conditioned bases
! Fold06, Repeat2: preprocessor 27/36, model 1/1 (predictions): some 'x' values beyond boundary knots may cause ill-conditioned bases
! Fold06, Repeat2: preprocessor 28/36, model 1/1 (predictions): some 'x' values beyond boundary knots may cause ill-conditioned bases
! Fold06, Repeat2: preprocessor 29/36, model 1/1 (predictions): some 'x' values beyond boundary knots may cause ill-conditioned bases
! Fold06, Repeat2: preprocessor 30/36, model 1/1 (predictions): some 'x' values beyond boundary knots may cause ill-conditioned bases
! Fold06, Repeat2: preprocessor 31/36, model 1/1 (predictions): some 'x' values beyond boundary knots may cause ill-conditioned bases
! Fold06, Repeat2: preprocessor 32/36, model 1/1 (predictions): some 'x' values beyond boundary knots may cause ill-conditioned bases
! Fold06, Repeat2: preprocessor 33/36, model 1/1 (predictions): some 'x' values beyond boundary knots may cause ill-conditioned bases
! Fold06, Repeat2: preprocessor 34/36, model 1/1 (predictions): some 'x' values beyond boundary knots may cause ill-conditioned bases
! Fold06, Repeat2: preprocessor 35/36, model 1/1 (predictions): some 'x' values beyond boundary knots may cause ill-conditioned bases
! Fold06, Repeat2: preprocessor 36/36, model 1/1 (predictions): some 'x' values beyond boundary knots may cause ill-conditioned bases
! Fold08, Repeat2: preprocessor 1/36, model 1/1 (predictions): some 'x' values beyond boundary knots may cause ill-conditioned bases
! Fold08, Repeat2: preprocessor 2/36, model 1/1 (predictions): some 'x' values beyond boundary knots may cause ill-conditioned bases
! Fold08, Repeat2: preprocessor 3/36, model 1/1 (predictions): some 'x' values beyond boundary knots may cause ill-conditioned bases
! Fold08, Repeat2: preprocessor 4/36, model 1/1 (predictions): some 'x' values beyond boundary knots may cause ill-conditioned bases
! Fold08, Repeat2: preprocessor 5/36, model 1/1 (predictions): some 'x' values beyond boundary knots may cause ill-conditioned bases
! Fold08, Repeat2: preprocessor 6/36, model 1/1 (predictions): some 'x' values beyond boundary knots may cause ill-conditioned bases
! Fold08, Repeat2: preprocessor 7/36, model 1/1 (predictions): some 'x' values beyond boundary knots may cause ill-conditioned bases
! Fold08, Repeat2: preprocessor 8/36, model 1/1 (predictions): some 'x' values beyond boundary knots may cause ill-conditioned bases
! Fold08, Repeat2: preprocessor 9/36, model 1/1 (predictions): some 'x' values beyond boundary knots may cause ill-conditioned bases
! Fold08, Repeat2: preprocessor 10/36, model 1/1 (predictions): some 'x' values beyond boundary knots may cause ill-conditioned bases
! Fold08, Repeat2: preprocessor 11/36, model 1/1 (predictions): some 'x' values beyond boundary knots may cause ill-conditioned bases
! Fold08, Repeat2: preprocessor 12/36, model 1/1 (predictions): some 'x' values beyond boundary knots may cause ill-conditioned bases
! Fold08, Repeat2: preprocessor 13/36, model 1/1 (predictions): some 'x' values beyond boundary knots may cause ill-conditioned bases
! Fold08, Repeat2: preprocessor 14/36, model 1/1 (predictions): some 'x' values beyond boundary knots may cause ill-conditioned bases
! Fold08, Repeat2: preprocessor 15/36, model 1/1 (predictions): some 'x' values beyond boundary knots may cause ill-conditioned bases
! Fold08, Repeat2: preprocessor 16/36, model 1/1 (predictions): some 'x' values beyond boundary knots may cause ill-conditioned bases
! Fold08, Repeat2: preprocessor 17/36, model 1/1 (predictions): some 'x' values beyond boundary knots may cause ill-conditioned bases
! Fold08, Repeat2: preprocessor 18/36, model 1/1 (predictions): some 'x' values beyond boundary knots may cause ill-conditioned bases
! Fold08, Repeat2: preprocessor 19/36, model 1/1 (predictions): some 'x' values beyond boundary knots may cause ill-conditioned bases
! Fold08, Repeat2: preprocessor 20/36, model 1/1 (predictions): some 'x' values beyond boundary knots may cause ill-conditioned bases
! Fold08, Repeat2: preprocessor 21/36, model 1/1 (predictions): some 'x' values beyond boundary knots may cause ill-conditioned bases
! Fold08, Repeat2: preprocessor 22/36, model 1/1 (predictions): some 'x' values beyond boundary knots may cause ill-conditioned bases
! Fold08, Repeat2: preprocessor 23/36, model 1/1 (predictions): some 'x' values beyond boundary knots may cause ill-conditioned bases
! Fold08, Repeat2: preprocessor 24/36, model 1/1 (predictions): some 'x' values beyond boundary knots may cause ill-conditioned bases
! Fold08, Repeat2: preprocessor 25/36, model 1/1 (predictions): some 'x' values beyond boundary knots may cause ill-conditioned bases
! Fold08, Repeat2: preprocessor 26/36, model 1/1 (predictions): some 'x' values beyond boundary knots may cause ill-conditioned bases
! Fold08, Repeat2: preprocessor 27/36, model 1/1 (predictions): some 'x' values beyond boundary knots may cause ill-conditioned bases
! Fold08, Repeat2: preprocessor 28/36, model 1/1 (predictions): some 'x' values beyond boundary knots may cause ill-conditioned bases
! Fold08, Repeat2: preprocessor 29/36, model 1/1 (predictions): some 'x' values beyond boundary knots may cause ill-conditioned bases
! Fold08, Repeat2: preprocessor 30/36, model 1/1 (predictions): some 'x' values beyond boundary knots may cause ill-conditioned bases
! Fold08, Repeat2: preprocessor 31/36, model 1/1 (predictions): some 'x' values beyond boundary knots may cause ill-conditioned bases
! Fold08, Repeat2: preprocessor 32/36, model 1/1 (predictions): some 'x' values beyond boundary knots may cause ill-conditioned bases
! Fold08, Repeat2: preprocessor 33/36, model 1/1 (predictions): some 'x' values beyond boundary knots may cause ill-conditioned bases
! Fold08, Repeat2: preprocessor 34/36, model 1/1 (predictions): some 'x' values beyond boundary knots may cause ill-conditioned bases
! Fold08, Repeat2: preprocessor 35/36, model 1/1 (predictions): some 'x' values beyond boundary knots may cause ill-conditioned bases
! Fold08, Repeat2: preprocessor 36/36, model 1/1 (predictions): some 'x' values beyond boundary knots may cause ill-conditioned bases
! Fold10, Repeat2: preprocessor 1/36, model 1/1 (predictions): some 'x' values beyond boundary knots may cause ill-conditioned bases
! Fold10, Repeat2: preprocessor 2/36, model 1/1 (predictions): some 'x' values beyond boundary knots may cause ill-conditioned bases
! Fold10, Repeat2: preprocessor 3/36, model 1/1 (predictions): some 'x' values beyond boundary knots may cause ill-conditioned bases
! Fold10, Repeat2: preprocessor 4/36, model 1/1 (predictions): some 'x' values beyond boundary knots may cause ill-conditioned bases
! Fold10, Repeat2: preprocessor 5/36, model 1/1 (predictions): some 'x' values beyond boundary knots may cause ill-conditioned bases
! Fold10, Repeat2: preprocessor 6/36, model 1/1 (predictions): some 'x' values beyond boundary knots may cause ill-conditioned bases
! Fold10, Repeat2: preprocessor 7/36, model 1/1 (predictions): some 'x' values beyond boundary knots may cause ill-conditioned bases
! Fold10, Repeat2: preprocessor 8/36, model 1/1 (predictions): some 'x' values beyond boundary knots may cause ill-conditioned bases
! Fold10, Repeat2: preprocessor 9/36, model 1/1 (predictions): some 'x' values beyond boundary knots may cause ill-conditioned bases
! Fold10, Repeat2: preprocessor 10/36, model 1/1 (predictions): some 'x' values beyond boundary knots may cause ill-conditioned bases
! Fold10, Repeat2: preprocessor 11/36, model 1/1 (predictions): some 'x' values beyond boundary knots may cause ill-conditioned bases
! Fold10, Repeat2: preprocessor 12/36, model 1/1 (predictions): some 'x' values beyond boundary knots may cause ill-conditioned bases
! Fold10, Repeat2: preprocessor 13/36, model 1/1 (predictions): some 'x' values beyond boundary knots may cause ill-conditioned bases
! Fold10, Repeat2: preprocessor 14/36, model 1/1 (predictions): some 'x' values beyond boundary knots may cause ill-conditioned bases
! Fold10, Repeat2: preprocessor 15/36, model 1/1 (predictions): some 'x' values beyond boundary knots may cause ill-conditioned bases
! Fold10, Repeat2: preprocessor 16/36, model 1/1 (predictions): some 'x' values beyond boundary knots may cause ill-conditioned bases
! Fold10, Repeat2: preprocessor 17/36, model 1/1 (predictions): some 'x' values beyond boundary knots may cause ill-conditioned bases
! Fold10, Repeat2: preprocessor 18/36, model 1/1 (predictions): some 'x' values beyond boundary knots may cause ill-conditioned bases
! Fold10, Repeat2: preprocessor 19/36, model 1/1 (predictions): some 'x' values beyond boundary knots may cause ill-conditioned bases
! Fold10, Repeat2: preprocessor 20/36, model 1/1 (predictions): some 'x' values beyond boundary knots may cause ill-conditioned bases
! Fold10, Repeat2: preprocessor 21/36, model 1/1 (predictions): some 'x' values beyond boundary knots may cause ill-conditioned bases
! Fold10, Repeat2: preprocessor 22/36, model 1/1 (predictions): some 'x' values beyond boundary knots may cause ill-conditioned bases
! Fold10, Repeat2: preprocessor 23/36, model 1/1 (predictions): some 'x' values beyond boundary knots may cause ill-conditioned bases
! Fold10, Repeat2: preprocessor 24/36, model 1/1 (predictions): some 'x' values beyond boundary knots may cause ill-conditioned bases
! Fold10, Repeat2: preprocessor 25/36, model 1/1 (predictions): some 'x' values beyond boundary knots may cause ill-conditioned bases
! Fold10, Repeat2: preprocessor 26/36, model 1/1 (predictions): some 'x' values beyond boundary knots may cause ill-conditioned bases
! Fold10, Repeat2: preprocessor 27/36, model 1/1 (predictions): some 'x' values beyond boundary knots may cause ill-conditioned bases
! Fold10, Repeat2: preprocessor 28/36, model 1/1 (predictions): some 'x' values beyond boundary knots may cause ill-conditioned bases
! Fold10, Repeat2: preprocessor 29/36, model 1/1 (predictions): some 'x' values beyond boundary knots may cause ill-conditioned bases
! Fold10, Repeat2: preprocessor 30/36, model 1/1 (predictions): some 'x' values beyond boundary knots may cause ill-conditioned bases
! Fold10, Repeat2: preprocessor 31/36, model 1/1 (predictions): some 'x' values beyond boundary knots may cause ill-conditioned bases
! Fold10, Repeat2: preprocessor 32/36, model 1/1 (predictions): some 'x' values beyond boundary knots may cause ill-conditioned bases
! Fold10, Repeat2: preprocessor 33/36, model 1/1 (predictions): some 'x' values beyond boundary knots may cause ill-conditioned bases
! Fold10, Repeat2: preprocessor 34/36, model 1/1 (predictions): some 'x' values beyond boundary knots may cause ill-conditioned bases
! Fold10, Repeat2: preprocessor 35/36, model 1/1 (predictions): some 'x' values beyond boundary knots may cause ill-conditioned bases
! Fold10, Repeat2: preprocessor 36/36, model 1/1 (predictions): some 'x' values beyond boundary knots may cause ill-conditioned bases
> 
> saveRDS(
+   rcv_results,
+   file = file.path("..", "tests", "testthat", "data", "rcv_results.rds"),
+   version = 2,
+   compress = "xz"
+ )
> 
> 
> # ------------------------------------------------------------------------------
> # Object classed with `resample_results` for use in vctrs/dplyr tests
> 
> set.seed(6735)
> 
> folds <- vfold_cv(mtcars, v = 3)
> 
> rec <- recipe(mpg ~ ., data = mtcars)
> 
> mod <- linear_reg() %>%
+   set_engine("lm")
> 
> lm_resamples <- fit_resamples(mod, rec, folds)
> 
> lm_resamples
# Resampling results
# 3-fold cross-validation 
# A tibble: 3 × 4
  splits          id    .metrics         .notes          
  <list>          <chr> <list>           <list>          
1 <split [21/11]> Fold1 <tibble [2 × 4]> <tibble [0 × 3]>
2 <split [21/11]> Fold2 <tibble [2 × 4]> <tibble [0 × 3]>
3 <split [22/10]> Fold3 <tibble [2 × 4]> <tibble [0 × 3]>
> 
> saveRDS(
+   lm_resamples,
+   file = file.path("..", "tests", "testthat", "data", "lm_resamples.rds"),
+   version = 2,
+   compress = "xz"
+ )
> 
> # ------------------------------------------------------------------------------
> # Object classed with `iteration_results` for use in vctrs/dplyr tests
> 
> set.seed(7898)
> folds <- vfold_cv(mtcars, v = 2)
> 
> rec <- recipe(mpg ~ ., data = mtcars) %>%
+   step_normalize(all_predictors()) %>%
+   step_ns(disp, deg_free = tune())
> 
> mod <- linear_reg(mode = "regression") %>%
+   set_engine("lm")
> 
> wflow <- workflow() %>%
+   add_recipe(rec) %>%
+   add_model(mod)
> 
> set.seed(2934)
> lm_bayes <- tune_bayes(wflow, folds, initial = 4, iter = 3)
! Fold1: preprocessor 3/4, model 1/1 (predictions): prediction from a rank-deficient fit may be misleading
! Fold1: preprocessor 4/4, model 1/1 (predictions): prediction from a rank-deficient fit may be misleading
! Fold2: preprocessor 3/4, model 1/1 (predictions): prediction from a rank-deficient fit may be misleading
! Fold2: preprocessor 4/4, model 1/1 (predictions): prediction from a rank-deficient fit may be misleading
> 
> saveRDS(
+   lm_bayes,
+   file = file.path("..", "tests", "testthat", "data", "lm_bayes.rds"),
+   version = 2,
+   compress = "xz"
+ )
> 
> # ------------------------------------------------------------------------------
> # For racing methods in #535
> 
> set.seed(7898)
> race_folds <- vfold_cv(mtcars, repeats = 2)
> 
> ctrl_rc <- control_race(save_pred = TRUE)
> set.seed(9323)
> mt_anova_race <-
+   tune_race_anova(knn_mod_power,
+                   simple_rec,
+                   resamples = race_folds,
+                   grid = tibble(dist_power = c(1/10, 1, 2)),
+                   control = ctrl_rc)
> saveRDS(
+   mt_anova_race,
+   file = file.path("..", "tests", "testthat", "data", "anova_race.rds"),
+   version = 2,
+   compress = "xz"
+ )
> 
> # ------------------------------------------------------------------------------
> 
> sessioninfo::session_info()
─ Session info ───────────────────────────────────────────────────────────────
 setting  value
 version  R version 4.2.0 (2022-04-22)
 os       macOS Monterey 12.5.1
 system   aarch64, darwin20
 ui       X11
 language (EN)
 collate  en_US.UTF-8
 ctype    en_US.UTF-8
 tz       America/New_York
 date     2022-09-07
 pandoc   2.17.1.1 @ /opt/homebrew/bin/pandoc

─ Packages ───────────────────────────────────────────────────────────────────
 package      * version    date (UTC) lib source
 assertthat     0.2.1      2019-03-21 [1] CRAN (R 4.2.0)
 backports      1.4.1      2021-12-13 [1] CRAN (R 4.2.0)
 boot           1.3-28     2021-05-03 [1] CRAN (R 4.2.0)
 brio           1.1.3      2021-11-30 [1] CRAN (R 4.2.0)
 broom        * 1.0.1      2022-08-29 [1] CRAN (R 4.2.0)
 class          7.3-20     2022-01-16 [1] CRAN (R 4.2.0)
 cli            3.3.0      2022-04-25 [1] CRAN (R 4.2.0)
 codetools      0.2-18     2020-11-04 [1] CRAN (R 4.2.0)
 colorspace     2.0-3      2022-02-21 [1] CRAN (R 4.2.0)
 crayon         1.5.1      2022-03-26 [1] CRAN (R 4.2.0)
 DBI            1.1.3      2022-06-18 [1] CRAN (R 4.2.0)
 dials        * 1.0.0      2022-06-14 [1] CRAN (R 4.2.0)
 DiceDesign     1.9        2021-02-13 [1] CRAN (R 4.2.0)
 digest         0.6.29     2021-12-01 [1] CRAN (R 4.2.0)
 dplyr        * 1.0.10     2022-09-01 [1] CRAN (R 4.2.0)
 ellipsis       0.3.2      2021-04-29 [1] CRAN (R 4.2.0)
 fansi          1.0.3      2022-03-24 [1] CRAN (R 4.2.0)
 finetune     * 1.0.0      2022-09-05 [1] CRAN (R 4.2.0)
 foreach        1.5.2      2022-02-02 [1] CRAN (R 4.2.0)
 furrr          0.3.1      2022-08-15 [1] CRAN (R 4.2.0)
 future         1.27.0     2022-07-22 [1] CRAN (R 4.2.0)
 future.apply   1.9.0      2022-04-25 [1] CRAN (R 4.2.0)
 generics       0.1.3      2022-07-05 [1] CRAN (R 4.2.0)
 ggplot2      * 3.3.6      2022-05-03 [1] CRAN (R 4.2.0)
 globals        0.16.1     2022-08-28 [1] CRAN (R 4.2.0)
 glue           1.6.2      2022-02-24 [1] CRAN (R 4.2.0)
 gower          1.0.0      2022-02-03 [1] CRAN (R 4.2.0)
 GPfit          1.0-8      2019-02-08 [1] CRAN (R 4.2.0)
 gtable         0.3.0      2019-03-25 [1] CRAN (R 4.2.0)
 hardhat        1.2.0      2022-06-30 [1] CRAN (R 4.2.0)
 igraph         1.3.4      2022-07-19 [1] CRAN (R 4.2.0)
 infer        * 1.0.3      2022-08-22 [1] CRAN (R 4.2.0)
 ipred          0.9-13     2022-06-02 [1] CRAN (R 4.2.0)
 iterators      1.0.14     2022-02-05 [1] CRAN (R 4.2.0)
 kernlab      * 0.9-31     2022-06-09 [1] CRAN (R 4.2.0)
 kknn         * 1.3.1      2016-03-26 [1] CRAN (R 4.2.0)
 lattice        0.20-45    2021-09-22 [1] CRAN (R 4.2.0)
 lava           1.6.10     2021-09-02 [1] CRAN (R 4.2.0)
 lhs            1.1.5      2022-03-22 [1] CRAN (R 4.2.0)
 lifecycle      1.0.1      2021-09-24 [1] CRAN (R 4.2.0)
 listenv        0.8.0      2019-12-05 [1] CRAN (R 4.2.0)
 lme4           1.1-30     2022-07-08 [1] CRAN (R 4.2.0)
 lubridate      1.8.0      2021-10-07 [1] CRAN (R 4.2.0)
 magrittr       2.0.3      2022-03-30 [1] CRAN (R 4.2.0)
 MASS           7.3-58.1   2022-08-03 [1] CRAN (R 4.2.0)
 Matrix         1.4-1      2022-03-23 [1] CRAN (R 4.2.0)
 minqa          1.2.4      2014-10-09 [1] CRAN (R 4.2.0)
 modeldata    * 1.0.0      2022-07-01 [1] CRAN (R 4.2.0)
 munsell        0.5.0      2018-06-12 [1] CRAN (R 4.2.0)
 nlme           3.1-159    2022-08-09 [1] CRAN (R 4.2.0)
 nloptr         2.0.3      2022-05-26 [1] CRAN (R 4.2.0)
 nnet           7.3-17     2022-01-16 [1] CRAN (R 4.2.0)
 parallelly     1.32.1     2022-07-21 [1] CRAN (R 4.2.0)
 parsnip      * 1.0.1      2022-08-18 [1] CRAN (R 4.2.0)
 pillar         1.8.1      2022-08-19 [1] CRAN (R 4.2.0)
 pkgconfig      2.0.3      2019-09-22 [1] CRAN (R 4.2.0)
 prodlim        2019.11.13 2019-11-17 [1] CRAN (R 4.2.0)
 purrr        * 0.3.4      2020-04-17 [1] CRAN (R 4.2.0)
 R6             2.5.1      2021-08-19 [1] CRAN (R 4.2.0)
 Rcpp           1.0.9      2022-07-08 [1] CRAN (R 4.2.0)
 recipes      * 1.0.1      2022-07-07 [1] local
 rlang        * 1.0.4      2022-07-12 [1] CRAN (R 4.2.0)
 rpart          4.1.16     2022-01-24 [1] CRAN (R 4.2.0)
 rsample      * 1.1.0      2022-08-08 [1] CRAN (R 4.2.0)
 rstudioapi     0.14       2022-08-22 [1] CRAN (R 4.2.0)
 scales       * 1.2.1      2022-08-20 [1] CRAN (R 4.2.0)
 sessioninfo  * 1.2.2      2021-12-06 [1] CRAN (R 4.2.0)
 survival       3.4-0      2022-08-09 [1] CRAN (R 4.2.0)
 testthat     * 3.1.4      2022-04-26 [1] CRAN (R 4.2.0)
 tibble       * 3.1.8      2022-07-22 [1] CRAN (R 4.2.0)
 tidymodels   * 1.0.0      2022-07-13 [1] CRAN (R 4.2.0)
 tidyr        * 1.2.0      2022-02-01 [1] CRAN (R 4.2.0)
 tidyselect     1.1.2      2022-02-21 [1] CRAN (R 4.2.0)
 timeDate       4021.104   2022-07-19 [1] CRAN (R 4.2.0)
 tune         * 1.0.0      2022-07-07 [1] CRAN (R 4.2.0)
 utf8           1.2.2      2021-07-24 [1] CRAN (R 4.2.0)
 vctrs          0.4.1      2022-04-13 [1] CRAN (R 4.2.0)
 withr          2.5.0      2022-03-03 [1] CRAN (R 4.2.0)
 workflows    * 1.0.0      2022-07-05 [1] CRAN (R 4.2.0)
 workflowsets * 1.0.0      2022-07-12 [1] CRAN (R 4.2.0)
 yardstick    * 1.0.0      2022-06-06 [1] CRAN (R 4.2.0)

 [1] /Library/Frameworks/R.framework/Versions/4.2-arm64/Resources/library

──────────────────────────────────────────────────────────────────────────────
> 
> if (!interactive()) {
+   q("no")
+ }
> proc.time()
   user  system elapsed 
406.250   3.412 411.229 
